
; ******** Source: code/rleplayer.asm
     1                          ;; rleplayer.asm - interactive player of multiple run length encoded color/text screens (aka slides)
     2                          ;; by David R. Van Wagner
     3                          ;;
     4                          ;; MIT LICENSE
     5                          ;;
     6                          ;; github.com/davervw/slides-c64
     7                          ;; davevw.com
     8                          ;;
     9                          ;; targets: one of TARGET_C64, TARGET_C128, TARGET_TED
    10                          ;;   (set in build.sh or equivalent)
    11                          ;;
    12                          ;;;;;;;;;;;;;;;;;;;;;;;;;;;;;;;;;;;;;;;;;;;;;;;;;;;;;;;;;;;;;;;;;;;;;;;;;;;;;;;;;;
    13                          ;; MIT License
    14                          ;;
    15                          ;; Copyright (c) 2026 David R. Van Wagner
    16                          ;; davevw.com
    17                          ;;
    18                          ;; Permission is hereby granted, free of charge, to any person obtaining a copy
    19                          ;; of this software and associated documentation files (the "Software"), to deal
    20                          ;; in the Software without restriction, including without limitation the rights
    21                          ;; to use, copy, modify, merge, publish, distribute, sublicense, and/or sell
    22                          ;; copies of the Software, and to permit persons to whom the Software is
    23                          ;; furnished to do so, subject to the following conditions:
    24                          ;;
    25                          ;; The above copyright notice and this permission notice shall be included in all
    26                          ;; copies or substantial portions of the Software.
    27                          ;;
    28                          ;; THE SOFTWARE IS PROVIDED "AS IS", WITHOUT WARRANTY OF ANY KIND, EXPRESS OR
    29                          ;; IMPLIED, INCLUDING BUT NOT LIMITED TO THE WARRANTIES OF MERCHANTABILITY,
    30                          ;; FITNESS FOR A PARTICULAR PURPOSE AND NONINFRINGEMENT. IN NO EVENT SHALL THE
    31                          ;; AUTHORS OR COPYRIGHT HOLDERS BE LIABLE FOR ANY CLAIM, DAMAGES OR OTHER
    32                          ;; LIABILITY, WHETHER IN AN ACTION OF CONTRACT, TORT OR OTHERWISE, ARISING FROM,
    33                          ;; OUT OF OR IN CONNECTION WITH THE SOFTWARE OR THE USE OR OTHER DEALINGS IN THE
    34                          ;; SOFTWARE.
    35                          ;;;;;;;;;;;;;;;;;;;;;;;;;;;;;;;;;;;;;;;;;;;;;;;;;;;;;;;;;;;;;;;;;;;;;;;;;;;;;;;;;;
    36                          
    37                          chrout = $FFD2 ; character out to device (normally screen)
    38                          getin = $FFE4 ; read character from keyboard, 0=no key
    39                          plot = $FFF0 ; C clear sets cursor position X=row, Y=col, or if C set gets cursor position
    40                          
    41                          !ifdef TARGET_C64 {
    42                          src_p=$FB
    43                          src_h=$FC
    44                          dst_p=$FD
    45                          dst_h=$FE
    46                          special=$FF
    47                          end_src_p=$22
    48                          end_src_h=$23
    49                          value=$24
    50                          len=$25
    51                          pages=$26 ; count of pages indexed
    52                          page=$27 ; 0 based
    53                          save_border=$28
    54                          save_background=$29
    55                          save_foreground=$2a
    56                          
    57                          screen_index = $33C
    58                          max_pages = 96
    59                          
    60                          text_addr=$0400
    61                          color_addr=$d800
    62                          
    63                          border=$d020
    64                          background=$d021
    65                          foreground=646
    66                          
    67                          *=$801
    68                          
    69                          ; 10 SYS 2062
    70  0801 0c08               !byte <end_basic, >end_basic
    71  0803 0a009e2032303632...!text 10, 0, $9E, " 2062", 0
    72                          end_basic:
    73  080c 0000               !byte 0, 0
    74                          }
    75                          
    76                          !ifdef TARGET_C128 {
    77                          src_p=$FB
    78                          src_h=$FC
    79                          dst_p=$FD
    80                          dst_h=$FE
    81                          special=$FA
    82                          end_src_p=$61
    83                          end_src_h=$62
    84                          value=$63
    85                          len=$64
    86                          pages=$65
    87                          page=$66
    88                          save_border=$67
    89                          save_background=$68
    90                          save_foreground=$69
    91                          
    92                          screen_index=$0B00
    93                          max_pages=127
    94                          
    95                          text_addr=$0400
    96                          color_addr=$d800
    97                          
    98                          border=$d020
    99                          background=$d021
   100                          foreground=241
   101                          
   102                          *=$1C01
   103                          
   104                          ; 10 graphic 5,1:printchr$(15)"graphic 0 !!!":graphic 0
   105                          !byte $25,$1c,$0a,$00,$de,$20,$35,$2c,$31,$3a,$99,$c7,$28,$31,$35,$29
   106                          !byte $22,$47,$52,$41,$50,$48,$49,$43,$20,$30,$20,$21,$21,$21,$22,$3a
   107                          !byte $de,$20,$30,$00
   108                          
   109                          ; 20 bank 15:sys 7224
   110                          !text $36,$1c,$14,$00,$fe,$02,$20,$31,$35,$3a,$9e," 7224",$00
   111                          
   112                          end_basic:
   113                          !byte 0, 0
   114                          }
   115                          
   116                          !ifdef TARGET_TED { ; Commodore 16, 116, Plus/4, etc.
   117                          src_p=$60
   118                          src_h=$61
   119                          dst_p=$62
   120                          dst_h=$63
   121                          special=$64
   122                          end_src_p=$65
   123                          end_src_h=$66
   124                          value1=$67
   125                          value2=$68
   126                          len=$69
   127                          pages=$6A
   128                          page=$6B
   129                          save_border=$6C
   130                          save_background=$6D
   131                          save_foreground=$6E
   132                          
   133                          screen_index=$333
   134                          max_pages=96
   135                          
   136                          text_addr=$0c00
   137                          color_addr=$0800
   138                          
   139                          *=$1001
   140                          
   141                          ; 10 SYS 4110
   142                          !byte <end_basic, >end_basic
   143                          !text 10, 0, $9E, " 4110", 0, 0
   144                          end_basic:
   145                          !byte 0
   146                          }
   147                          
   148                          screen_player:
   149  080e 4c1a08                 jmp main
   150                          
   151                          set_slide_colors:
   152  0811 a905                   lda #$05 ; 0E=C64 foreground
   153  0813 a206                   ldx #$06
   154  0815 a00e                   ldy #$0e
   155                          !ifdef TARGET_TED {
   156                              jmp xlat_set_colors
   157                          } else {
   158  0817 4cbc0a                 jmp set_colors
   159                          }
   160                          
   161                          main:
   162  081a 20c60a                 jsr save_colors
   163  081d 201108                 jsr set_slide_colors
   164  0820 a90e                   lda #$0E ; 0E=lowercase, otherwise 93=clearscreen
   165  0822 20d2ff                 jsr chrout
   166                          !ifdef TARGET_C128 {
   167                              jsr sei_c128_ram_bank
   168                          }
   169                          !ifdef TARGET_TED {
   170                              jsr sei_ted_ram_bank
   171                          }
   172  0825 a9fe                   lda #<start_data
   173  0827 a20a                   ldx #>start_data
   174  0829 85fb                   sta src_p
   175  082b 86fc                   stx src_h
   176  082d 20f609                 jsr index_data
   177                          screen_loop: 
   178                          !ifdef TARGET_C128 {
   179                              jsr sei_c128_ram_bank
   180                          }
   181                          !ifdef TARGET_TED {
   182                              jsr sei_ted_ram_bank
   183                          }
   184  0830 a527                   lda page
   185  0832 c526                   cmp pages
   186  0834 9003                   bcc +
   187  0836 4c510a                 jmp exit_basic
   188  0839 0a                 +   asl
   189  083a a8                     tay
   190  083b b93c03                 lda screen_index,y
   191  083e be3d03                 ldx screen_index+1,y
   192  0841 85fb                   sta src_p
   193  0843 86fc                   stx src_h
   194  0845 a902                   lda #2
   195  0847 20440a                 jsr addbyteto_src_p
   196  084a a900                   lda #<color_addr
   197  084c a2d8                   ldx #>color_addr
   198  084e 85fd                   sta dst_p
   199  0850 86fe                   stx dst_h
   200  0852 201309                 jsr decode_color
   201  0855 a900                   lda #<text_addr
   202  0857 a204                   ldx #>text_addr
   203  0859 85fd                   sta dst_p
   204  085b 86fe                   stx dst_h
   205  085d 208e09                 jsr decode_text
   206                          !ifdef TARGET_C128 {    
   207                              jsr c128_rom_bank_cli
   208                          }
   209                          !ifdef TARGET_TED {    
   210                              jsr ted_rom_bank_cli
   211                          }
   212  0860 20e4ff             -   jsr getin
   213  0863 c900                   cmp #$00
   214  0865 f0f9                   beq -
   215  0867 c958                   cmp #'X'
   216  0869 d003                   bne +
   217  086b 4cae0a                 jmp exit_basic_x
   218  086e c91b               +   cmp #27 ; ESC
   219  0870 f004                   beq +
   220  0872 c903                   cmp #3
   221  0874 d008                   bne ++
   222  0876 a993               +   lda #$93
   223  0878 20d2ff                 jsr chrout
   224  087b 4c510a                 jmp exit_basic
   225  087e c914               ++  cmp #20 ; delete
   226  0880 d009                   bne +
   227  0882 a527               --  lda page ; check if can backup a page
   228  0884 f0da                   beq -
   229  0886 c627                   dec page
   230  0888 4c0b09                 jmp ++
   231  088b c913               +   cmp #19 ; home
   232  088d d007                   bne +
   233  088f a900                   lda #0
   234  0891 8527                   sta page
   235  0893 4c0b09                 jmp ++
   236  0896 c99d               +   cmp #157 ; left
   237  0898 f0e8                   beq --
   238  089a c991                   cmp #145 ; up
   239  089c f0e4                   beq --
   240  089e c931                   cmp #'1'
   241  08a0 900f                   bcc +
   242  08a2 c93a                   cmp #('9'+1)
   243  08a4 b00b                   bcs +
   244  08a6 38                     sec        ; 1..9
   245  08a7 e931                   sbc #'1'   ; because 0 based
   246  08a9 c526               --  cmp pages
   247  08ab b0b3                   bcs -      ; ignore key if out of range
   248  08ad 8527                   sta page
   249  08af 905a                   bcc ++
   250  08b1 c930               +   cmp #'0'
   251  08b3 d004                   bne +
   252  08b5 a909                   lda #9     ; try page 10 (zero based)
   253  08b7 d0f0                   bne --   
   254  08b9 c921               +   cmp #'!'
   255  08bb d004                   bne +
   256  08bd a90a                   lda #10     ; try page 11 (zero based)
   257  08bf d0e8                   bne --   
   258  08c1 c940               +   cmp #'@'
   259  08c3 d004                   bne +
   260  08c5 a90b                   lda #11     ; try page 12 (zero based)
   261  08c7 d0e0                   bne --   
   262  08c9 c923               +   cmp #'#'
   263  08cb d004                   bne +
   264  08cd a90c                   lda #12     ; try page 13 (zero based)
   265  08cf d0d8                   bne --   
   266  08d1 c924               +   cmp #'$'
   267  08d3 d004                   bne +
   268  08d5 a90d                   lda #13     ; try page 14 (zero based)
   269  08d7 d0d0                   bne --   
   270  08d9 c925               +   cmp #'%'
   271  08db d004                   bne +
   272  08dd a90e                   lda #14     ; try page 15 (zero based)
   273  08df d0c8                   bne --   
   274  08e1 c95e               +   cmp #'^'
   275  08e3 d004                   bne +
   276  08e5 a90f                   lda #15     ; try page 16 (zero based)
   277  08e7 d0c0                   bne --   
   278  08e9 c926               +   cmp #'&'
   279  08eb d004                   bne +
   280  08ed a910                   lda #16     ; try page 17 (zero based)
   281  08ef d0b8                   bne --   
   282  08f1 c92a               +   cmp #'*'
   283  08f3 d004                   bne +
   284  08f5 a911                   lda #17     ; try page 18 (zero based)
   285  08f7 d0b0                   bne --   
   286  08f9 c928               +   cmp #'('
   287  08fb d004                   bne +
   288  08fd a912                   lda #18     ; try page 19 (zero based)
   289  08ff d0a8                   bne --   
   290  0901 c929               +   cmp #')'
   291  0903 d004                   bne +
   292  0905 a913                   lda #19     ; try page 20 (zero based)
   293  0907 d0a0                   bne --   
   294  0909 e627               +   inc page   ; any other key, advance page
   295                          ++
   296  090b a993                   lda #$93   ; before switching page, clear screen
   297  090d 20d2ff                 jsr chrout
   298  0910 4c3008                 jmp screen_loop
   299                          
   300                          !ifdef TARGET_TED {
   301                          decode_color:
   302                              clc
   303                              ldy #$00
   304                              lda (src_p),y
   305                              adc src_p
   306                              sta end_src_p
   307                              iny
   308                              lda (src_p),y
   309                              adc src_h
   310                              sta end_src_h
   311                              iny
   312                              lda (src_p),y
   313                              sta special
   314                              lda #3
   315                              jsr addbyteto_src_p
   316                          color_loop: 
   317                              ldy #$00
   318                              lda (src_p),y
   319                              cmp special
   320                              beq ++
   321                              pha
   322                              lsr
   323                              lsr
   324                              lsr
   325                              lsr
   326                              tax
   327                              lda color_table, x
   328                              sta (dst_p),y
   329                              pla
   330                              and #$0f
   331                              tax
   332                              lda color_table, x
   333                              iny
   334                              sta (dst_p),y
   335                              inc src_p
   336                              bne +
   337                              inc src_h
   338                          +   clc
   339                              lda dst_p
   340                              adc #$02
   341                              sta dst_p
   342                              bcc +
   343                              inc dst_h
   344                          +   jmp color_while
   345                          ++  iny
   346                              lda (src_p),y
   347                              lsr
   348                              lsr
   349                              lsr
   350                              lsr
   351                              tax
   352                              lda color_table, x
   353                              sta value1
   354                              lda (src_p),y
   355                              and #$0F
   356                              tax
   357                              lda color_table, x
   358                              sta value2
   359                              iny
   360                              lda (src_p),y
   361                              sta len
   362                              lda #$03
   363                              clc
   364                              adc src_p
   365                              sta src_p
   366                              bcc +
   367                              inc src_h
   368                          +   ldx len
   369                          color_rle_loop:
   370                              ldy #0
   371                              lda value1
   372                              sta (dst_p),y
   373                              lda value2
   374                              iny
   375                              sta (dst_p),y
   376                              clc
   377                              lda dst_p
   378                              adc #$02
   379                              sta dst_p
   380                              bcc +
   381                              inc dst_h
   382                          +   dex
   383                              bne color_rle_loop
   384                          color_while:
   385                              lda src_p
   386                              ldx src_h
   387                              cpx end_src_h
   388                              bcc color_loop
   389                              bne +
   390                              cmp end_src_p
   391                              bcs +
   392                              jmp color_loop
   393                          +   rts
   394                          } else { ; TARGET_C64 or TARGET_C128
   395                          decode_color:
   396  0913 18                     clc
   397  0914 a000                   ldy #$00
   398  0916 b1fb                   lda (src_p),y
   399  0918 65fb                   adc src_p
   400  091a 8522                   sta end_src_p
   401  091c c8                     iny
   402  091d b1fb                   lda (src_p),y
   403  091f 65fc                   adc src_h
   404  0921 8523                   sta end_src_h
   405  0923 c8                     iny
   406  0924 b1fb                   lda (src_p),y
   407  0926 85ff                   sta special
   408  0928 a903                   lda #3
   409  092a 20440a                 jsr addbyteto_src_p
   410                          color_loop: 
   411  092d a000                   ldy #$00
   412  092f b1fb                   lda (src_p),y
   413  0931 c5ff                   cmp special
   414  0933 f01e                   beq ++
   415  0935 c8                     iny
   416  0936 91fd                   sta (dst_p),y
   417  0938 88                     dey
   418  0939 4a                     lsr
   419  093a 4a                     lsr
   420  093b 4a                     lsr
   421  093c 4a                     lsr
   422  093d 91fd                   sta (dst_p),y
   423  093f e6fb                   inc src_p
   424  0941 d002                   bne +
   425  0943 e6fc                   inc src_h
   426  0945 18                 +   clc
   427  0946 a5fd                   lda dst_p
   428  0948 6902                   adc #$02
   429  094a 85fd                   sta dst_p
   430  094c 9002                   bcc +
   431  094e e6fe                   inc dst_h
   432  0950 4c7f09             +   jmp color_while
   433  0953 c8                 ++  iny
   434  0954 b1fb                   lda (src_p),y
   435  0956 8524                   sta value
   436  0958 c8                     iny
   437  0959 b1fb                   lda (src_p),y
   438  095b 8525                   sta len
   439  095d a903                   lda #3
   440  095f 20440a                 jsr addbyteto_src_p
   441  0962 a625                   ldx len
   442                          color_rle_loop: 
   443  0964 a524                   lda value
   444  0966 a001                   ldy #$01
   445  0968 91fd                   sta (dst_p),y
   446  096a 88                     dey
   447  096b 4a                     lsr
   448  096c 4a                     lsr
   449  096d 4a                     lsr
   450  096e 4a                     lsr
   451  096f 91fd                   sta (dst_p),y
   452  0971 18                     clc
   453  0972 a5fd                   lda dst_p
   454  0974 6902                   adc #$02
   455  0976 85fd                   sta dst_p
   456  0978 9002                   bcc +
   457  097a e6fe                   inc dst_h
   458  097c ca                 +   dex
   459  097d d0e5                   bne color_rle_loop
   460                          color_while:
   461  097f a5fb                   lda src_p
   462  0981 a6fc                   ldx src_h
   463  0983 e423                   cpx end_src_h
   464  0985 90a6                   bcc color_loop
   465  0987 d004                   bne +
   466  0989 c522                   cmp end_src_p
   467  098b 90a0                   bcc color_loop
   468  098d 60                 +   rts
   469                          }
   470                          
   471                          decode_text:
   472  098e 18                     clc
   473  098f a000                   ldy #$00
   474  0991 b1fb                   lda (src_p),y
   475  0993 65fb                   adc src_p
   476  0995 8522                   sta end_src_p
   477  0997 c8                     iny
   478  0998 b1fb                   lda (src_p),y
   479  099a 65fc                   adc src_h
   480  099c 8523                   sta end_src_h
   481  099e c8                     iny
   482  099f b1fb                   lda (src_p),y
   483  09a1 85ff                   sta special
   484  09a3 a903                   lda #3
   485  09a5 20440a                 jsr addbyteto_src_p
   486                          text_loop:
   487  09a8 a000                   ldy #$00
   488  09aa b1fb                   lda (src_p),y
   489  09ac c5ff                   cmp special
   490  09ae f011                   beq ++
   491  09b0 91fd                   sta (dst_p),y
   492  09b2 e6fb                   inc src_p
   493  09b4 d002                   bne +
   494  09b6 e6fc                   inc src_h
   495  09b8 e6fd               +   inc dst_p
   496  09ba d002                   bne +
   497  09bc e6fe                   inc dst_h
   498  09be 4ce709             +   jmp text_while
   499  09c1 c8                 ++  iny
   500  09c2 b1fb                   lda (src_p),y
   501                          !ifdef TARGET_TED {
   502                              sta value1
   503                          } else {
   504  09c4 8524                   sta value
   505                          }
   506  09c6 c8                     iny
   507  09c7 b1fb                   lda (src_p),y
   508  09c9 8525                   sta len
   509  09cb a903                   lda #$03
   510  09cd 18                     clc
   511  09ce 65fb                   adc src_p
   512  09d0 85fb                   sta src_p
   513  09d2 9002                   bcc +
   514  09d4 e6fc                   inc src_h
   515  09d6 a625               +   ldx len
   516                          text_rle_loop: 
   517                          !ifdef TARGET_TED {
   518                              lda value1
   519                          } else {
   520  09d8 a524                   lda value
   521                          }
   522  09da a000                   ldy #$00
   523  09dc 91fd                   sta (dst_p),y
   524  09de e6fd                   inc dst_p
   525  09e0 d002                   bne +
   526  09e2 e6fe                   inc dst_h
   527  09e4 ca                 +   dex
   528  09e5 d0f1                   bne text_rle_loop
   529                          text_while:
   530  09e7 a5fb                   lda src_p
   531  09e9 a6fc                   ldx src_h
   532  09eb e423                   cpx end_src_h
   533  09ed 90b9                   bcc text_loop
   534  09ef d004                   bne +
   535  09f1 c522                   cmp end_src_p
   536  09f3 90b3                   bcc text_loop
   537  09f5 60                 +   rts
   538                          
   539                          index_data:
   540  09f6 a900                   lda #0
   541  09f8 8526                   sta pages
   542  09fa 8527                   sta page
   543                              
   544                          index_loop:
   545                              ; setup index storage offset in .X
   546                              ; .A already has pages
   547  09fc 0a                     asl
   548  09fd aa                     tax
   549                          
   550                              ; set next index to 0000
   551  09fe a900                   lda #0
   552  0a00 9d3c03                 sta screen_index, x
   553  0a03 9d3d03                 sta screen_index+1, x
   554                          
   555                              ; do check for start of page (C600 address)
   556  0a06 a000                   ldy #0
   557  0a08 b1fb                   lda (src_p),y
   558  0a0a d02f                   bne index_exit
   559  0a0c c8                     iny
   560  0a0d b1fb                   lda (src_p),y
   561  0a0f c9c6                   cmp #$c6
   562  0a11 d028                   bne index_exit
   563                          
   564                              ; store indexed page
   565  0a13 a5fb                   lda src_p
   566  0a15 9d3c03                 sta screen_index, x
   567  0a18 a5fc                   lda src_h
   568  0a1a 9d3d03                 sta screen_index+1, x
   569  0a1d e626                   inc pages
   570                          
   571                              ; skip C600 address
   572  0a1f a902                   lda #2
   573  0a21 8525                   sta len ; prep upcoming loop at the same time
   574  0a23 20440a                 jsr addbyteto_src_p
   575                          
   576                              ; advance past color and text rle data using their lengths
   577  0a26 a001               -   ldy #1
   578  0a28 b1fb                   lda (src_p),y
   579  0a2a aa                     tax
   580  0a2b 88                     dey
   581  0a2c b1fb                   lda (src_p),y
   582  0a2e 20460a                 jsr addto_src_p
   583  0a31 c625                   dec len
   584  0a33 d0f1                   bne -
   585                          
   586                              ; while pages < max_pages
   587  0a35 a526                   lda pages
   588  0a37 c960                   cmp #max_pages
   589  0a39 90c1                   bcc index_loop
   590                          
   591                          index_exit:
   592  0a3b a9fe                   lda #<start_data
   593  0a3d a20a                   ldx #>start_data
   594  0a3f 85fb                   sta src_p
   595  0a41 86fc                   stx src_h
   596  0a43 60                     rts
   597                          
   598                          addbyteto_src_p: ; ; A low, !! Warning: X is set to 0 !! fall through to 16-bit add
   599  0a44 a200                   ldx #0
   600                          addto_src_p: ; A low, X high, perform 16-bit addition from/to src_p/src_h
   601  0a46 18                     clc
   602  0a47 65fb                   adc src_p
   603  0a49 85fb                   sta src_p
   604  0a4b 8a                     txa
   605  0a4c 65fc                   adc src_h
   606  0a4e 85fc                   sta src_h
   607  0a50 60                     rts
   608                          
   609                          exit_basic:
   610  0a51 a900                   lda #0
   611  0a53 aa                     tax
   612  0a54 a001                   ldy #1
   613                          !ifdef TARGET_TED {
   614                              jsr xlat_set_colors
   615                          } else {
   616  0a56 20bc0a                 jsr set_colors
   617                          }
   618                          !ifdef TARGET_C128 {    
   619                              jsr c128_rom_bank_cli
   620                          }
   621                          !ifdef TARGET_TED {    
   622                              jsr ted_rom_bank_cli
   623                          }
   624  0a59 a20c                   ldx #12
   625  0a5b a00c                   ldy #(20-exit_message_len/2)
   626  0a5d 18                     clc
   627  0a5e 20f0ff                 jsr plot
   628  0a61 a9ec                   lda #<exit_message
   629  0a63 a20a                   ldx #>exit_message
   630  0a65 20d60a                 jsr string_out
   631  0a68 20e4ff             --  jsr getin
   632  0a6b c900                   cmp #0
   633  0a6d f0f9                   beq --
   634  0a6f c913                   cmp #19
   635  0a71 d017                   bne ++
   636  0a73 a900                   lda #0
   637  0a75 8527                   sta page
   638  0a77 a993               -   lda #$93
   639  0a79 20d2ff                 jsr chrout
   640  0a7c 201108                 jsr set_slide_colors
   641  0a7f a527                   lda page
   642  0a81 c526                   cmp pages
   643  0a83 9002                   bcc +
   644  0a85 c627                   dec page
   645  0a87 4c3008             +   jmp screen_loop
   646  0a8a c914               ++  cmp #20 ; del (backspace)
   647  0a8c f0e9                   beq -
   648  0a8e c99d                   cmp #157 ; left
   649  0a90 f0e5                   beq -
   650  0a92 c991                   cmp #145 ; up
   651  0a94 f0e1                   beq -
   652  0a96 c931                   cmp #'1'
   653  0a98 9010                   bcc +
   654  0a9a c93a                   cmp #('9'+1)
   655  0a9c b00c                   bcs +
   656  0a9e 38                     sec
   657  0a9f e931                   sbc #'1'
   658  0aa1 c526                   cmp pages
   659  0aa3 b0c3                   bcs --
   660  0aa5 8527                   sta page
   661  0aa7 4c770a                 jmp -
   662  0aaa c958               +   cmp #'X'
   663  0aac d0ba                   bne --
   664                          exit_basic_x:
   665                          !ifdef TARGET_C128 {
   666                              jsr c128_rom_bank_cli
   667                          }
   668  0aae a528                   lda save_border
   669  0ab0 a629                   ldx save_background
   670  0ab2 a42a                   ldy save_foreground
   671                          !ifdef TARGET_TED {
   672                              jsr set_ted_colors ; no translation
   673                              ldy #14
   674                          -   lda #0
   675                              sta src_p,y
   676                              dey
   677                              bpl -
   678                              jsr ted_rom_bank_cli
   679                          } else {
   680  0ab4 20bc0a                 jsr set_colors
   681                          }
   682  0ab7 a993                   lda #$93
   683  0ab9 4cd2ff                 jmp chrout ; and exit to BASIC
   684                          
   685                          !ifdef TARGET_TED {
   686                          xlat_set_colors:
   687                              sta value1
   688                              lda color_table,x
   689                              sta $ff15 ; background
   690                              ldx value1
   691                              lda color_table,x
   692                              sta $ff19 ; border
   693                              lda color_table,y
   694                              sta $053B ; foreground (KERNAL)
   695                              rts
   696                          
   697                          save_colors:
   698                              lda $ff15
   699                              ldx $ff19
   700                              ldy $053B
   701                              sta save_border
   702                              stx save_background
   703                              sty save_foreground
   704                              rts
   705                          
   706                          set_ted_colors:
   707                              sta $ff15
   708                              stx $ff19
   709                              sty $053B
   710                              rts
   711                          } else { ; TARGET_C64 OR TARGET_C128
   712                          set_colors:
   713  0abc 8d20d0                 sta border
   714  0abf 8e21d0                 stx background   
   715  0ac2 8c8602                 sty foreground
   716  0ac5 60                     rts
   717                          
   718                          save_colors:
   719  0ac6 ad20d0                 lda border
   720  0ac9 ae21d0                 ldx background
   721  0acc ac8602                 ldy foreground
   722  0acf 8528                   sta save_border
   723  0ad1 8629                   stx save_background
   724  0ad3 842a                   sty save_foreground
   725  0ad5 60                     rts
   726                          }
   727                          
   728                          string_out:
   729  0ad6 85fb                   sta src_p
   730  0ad8 86fc                   stx src_h
   731  0ada a000                   ldy #0
   732  0adc b1fb               -   lda (src_p), y
   733  0ade f00b                   beq +
   734  0ae0 20d2ff                 jsr chrout
   735  0ae3 c8                     iny
   736  0ae4 d0f6                   bne -
   737  0ae6 e6fc                   inc src_h
   738  0ae8 4cdc0a                 jmp -
   739  0aeb 60                 +   rts
   740                          
   741                          !ifdef TARGET_C128 {
   742                          sei_c128_ram_bank:
   743                              sei
   744                              lda #$06 ; RAM bank 0 0000-CFFF, IO D000-DFFF, KERNAL E000-FFFF
   745                              sta $FF00
   746                              rts
   747                          
   748                          c128_rom_bank_cli:
   749                              lda #$00
   750                              sta $FF00
   751                              cli
   752                              rts
   753                          }
   754                          
   755                          !ifdef TARGET_TED {
   756                          sei_ted_ram_bank:
   757                              sei
   758                              sta $ff3f ; bank in RAM
   759                              rts
   760                          
   761                          ted_rom_bank_cli:
   762                              sta $ff3e ; bank in ROM
   763                              cli
   764                              rts
   765                          }
   766                          
   767                          exit_message:
   768  0aec 2850524553532058...    !text "(PRESS X TO EXIT)"
   769                          exit_message_len = * - exit_message    
   770  0afd 00                     !byte 0
   771                          
   772                          !ifdef TARGET_TED {
   773                          ; C64 color to TED color mappings
   774                          color_table:  !byte $00,$71,$42,$63,$54,$55,$26,$77,$58,$38,$6B,$31,$41,$7F,$56,$61
   775                          }
   776                          
   777                          start_data:
