
; ******** Source: code/rleplayer.asm
     1                          ;; rleplayer.asm - interactive player of multiple run length encoded color/text screens (aka slides)
     2                          ;; by David R. Van Wagner
     3                          ;;
     4                          ;; MIT LICENSE
     5                          ;;
     6                          ;; github.com/davervw/slides-c64
     7                          ;; davevw.com
     8                          ;;
     9                          ;; targets: one of TARGET_C64, TARGET_C128, TARGET_TED
    10                          ;;   (set in build.sh or equivalent)
    11                          ;;
    12                          ;;;;;;;;;;;;;;;;;;;;;;;;;;;;;;;;;;;;;;;;;;;;;;;;;;;;;;;;;;;;;;;;;;;;;;;;;;;;;;;;;;
    13                          ;; MIT License
    14                          ;;
    15                          ;; Copyright (c) 2026 David R. Van Wagner
    16                          ;; davevw.com
    17                          ;;
    18                          ;; Permission is hereby granted, free of charge, to any person obtaining a copy
    19                          ;; of this software and associated documentation files (the "Software"), to deal
    20                          ;; in the Software without restriction, including without limitation the rights
    21                          ;; to use, copy, modify, merge, publish, distribute, sublicense, and/or sell
    22                          ;; copies of the Software, and to permit persons to whom the Software is
    23                          ;; furnished to do so, subject to the following conditions:
    24                          ;;
    25                          ;; The above copyright notice and this permission notice shall be included in all
    26                          ;; copies or substantial portions of the Software.
    27                          ;;
    28                          ;; THE SOFTWARE IS PROVIDED "AS IS", WITHOUT WARRANTY OF ANY KIND, EXPRESS OR
    29                          ;; IMPLIED, INCLUDING BUT NOT LIMITED TO THE WARRANTIES OF MERCHANTABILITY,
    30                          ;; FITNESS FOR A PARTICULAR PURPOSE AND NONINFRINGEMENT. IN NO EVENT SHALL THE
    31                          ;; AUTHORS OR COPYRIGHT HOLDERS BE LIABLE FOR ANY CLAIM, DAMAGES OR OTHER
    32                          ;; LIABILITY, WHETHER IN AN ACTION OF CONTRACT, TORT OR OTHERWISE, ARISING FROM,
    33                          ;; OUT OF OR IN CONNECTION WITH THE SOFTWARE OR THE USE OR OTHER DEALINGS IN THE
    34                          ;; SOFTWARE.
    35                          ;;;;;;;;;;;;;;;;;;;;;;;;;;;;;;;;;;;;;;;;;;;;;;;;;;;;;;;;;;;;;;;;;;;;;;;;;;;;;;;;;;
    36                          
    37                          chrout = $FFD2 ; character out to device (normally screen)
    38                          getin = $FFE4 ; read character from keyboard, 0=no key
    39                          plot = $FFF0 ; C clear sets cursor position X=row, Y=col, or if C set gets cursor position
    40                          
    41                          !ifdef TARGET_C64 {
    42                          src_p=$FB
    43                          src_h=$FC
    44                          dst_p=$FD
    45                          dst_h=$FE
    46                          special=$FF
    47                          end_src_p=$22
    48                          end_src_h=$23
    49                          value=$24
    50                          len=$25
    51                          pages=$26 ; count of pages indexed
    52                          page=$27 ; 0 based
    53                          save_border=$28
    54                          save_background=$29
    55                          save_foreground=$2a
    56                          
    57                          screen_index = $33C
    58                          max_pages = 96
    59                          
    60                          text_addr=$0400
    61                          color_addr=$d800
    62                          
    63                          border=$d020
    64                          background=$d021
    65                          foreground=646
    66                          
    67                          *=$801
    68                          
    69                          ; 10 SYS 2062
    70                          !byte <end_basic, >end_basic
    71                          !text 10, 0, $9E, " 2062", 0
    72                          end_basic:
    73                          !byte 0, 0
    74                          }
    75                          
    76                          !ifdef TARGET_C128 {
    77                          src_p=$FB
    78                          src_h=$FC
    79                          dst_p=$FD
    80                          dst_h=$FE
    81                          special=$FA
    82                          end_src_p=$61
    83                          end_src_h=$62
    84                          value=$63
    85                          len=$64
    86                          pages=$65
    87                          page=$66
    88                          save_border=$67
    89                          save_background=$68
    90                          save_foreground=$69
    91                          
    92                          screen_index=$0B00
    93                          max_pages=127
    94                          
    95                          text_addr=$0400
    96                          color_addr=$d800
    97                          
    98                          border=$d020
    99                          background=$d021
   100                          foreground=241
   101                          
   102                          *=$1C01
   103                          
   104                          ; 10 graphic 5,1:printchr$(15)"graphic 0 !!!":graphic 0
   105                          !byte $25,$1c,$0a,$00,$de,$20,$35,$2c,$31,$3a,$99,$c7,$28,$31,$35,$29
   106                          !byte $22,$47,$52,$41,$50,$48,$49,$43,$20,$30,$20,$21,$21,$21,$22,$3a
   107                          !byte $de,$20,$30,$00
   108                          
   109                          ; 20 bank 15:sys 7224
   110                          !text $36,$1c,$14,$00,$fe,$02,$20,$31,$35,$3a,$9e," 7224",$00
   111                          
   112                          end_basic:
   113                          !byte 0, 0
   114                          }
   115                          
   116                          !ifdef TARGET_TED { ; Commodore 16, 116, Plus/4, etc.
   117                          src_p=$60
   118                          src_h=$61
   119                          dst_p=$62
   120                          dst_h=$63
   121                          special=$64
   122                          end_src_p=$65
   123                          end_src_h=$66
   124                          value1=$67
   125                          value2=$68
   126                          len=$69
   127                          pages=$6A
   128                          page=$6B
   129                          save_border=$6C
   130                          save_background=$6D
   131                          save_foreground=$6E
   132                          
   133                          screen_index=$333
   134                          max_pages=96
   135                          
   136                          text_addr=$0c00
   137                          color_addr=$0800
   138                          
   139                          *=$1001
   140                          
   141                          ; 10 SYS 4110
   142  1001 0d10               !byte <end_basic, >end_basic
   143  1003 0a009e2034313130...!text 10, 0, $9E, " 4110", 0, 0
   144                          end_basic:
   145  100d 00                 !byte 0
   146                          }
   147                          
   148                          screen_player:
   149  100e 4c1a10                 jmp main
   150                          
   151                          set_slide_colors:
   152  1011 a905                   lda #$05 ; 0E=C64 foreground
   153  1013 a206                   ldx #$06
   154  1015 a00e                   ldy #$0e
   155                          !ifdef TARGET_TED {
   156  1017 4cf912                 jmp xlat_set_colors
   157                          } else {
   158                              jmp set_colors
   159                          }
   160                          
   161                          main:
   162  101a 201013                 jsr save_colors
   163  101d 201110                 jsr set_slide_colors
   164  1020 a90e                   lda #$0E ; 0E=lowercase, otherwise 93=clearscreen
   165  1022 20d2ff                 jsr chrout
   166                          !ifdef TARGET_C128 {
   167                              jsr sei_c128_ram_bank
   168                          }
   169                          !ifdef TARGET_TED {
   170  1025 204013                 jsr sei_ted_ram_bank
   171                          }
   172  1028 a96c                   lda #<start_data
   173  102a a213                   ldx #>start_data
   174  102c 8560                   sta src_p
   175  102e 8661                   stx src_h
   176  1030 202312                 jsr index_data
   177                          screen_loop: 
   178                          !ifdef TARGET_C128 {
   179                              jsr sei_c128_ram_bank
   180                          }
   181                          !ifdef TARGET_TED {
   182  1033 204013                 jsr sei_ted_ram_bank
   183                          }
   184  1036 a56b                   lda page
   185  1038 c56a                   cmp pages
   186  103a 9003                   bcc +
   187  103c 4c7e12                 jmp exit_basic
   188  103f 0a                 +   asl
   189  1040 a8                     tay
   190  1041 b93303                 lda screen_index,y
   191  1044 be3403                 ldx screen_index+1,y
   192  1047 8560                   sta src_p
   193  1049 8661                   stx src_h
   194  104b a902                   lda #2
   195  104d 207112                 jsr addbyteto_src_p
   196  1050 a900                   lda #<color_addr
   197  1052 a208                   ldx #>color_addr
   198  1054 8562                   sta dst_p
   199  1056 8663                   stx dst_h
   200  1058 201c11                 jsr decode_color
   201  105b a900                   lda #<text_addr
   202  105d a20c                   ldx #>text_addr
   203  105f 8562                   sta dst_p
   204  1061 8663                   stx dst_h
   205  1063 20bb11                 jsr decode_text
   206                          !ifdef TARGET_C128 {    
   207                              jsr c128_rom_bank_cli
   208                          }
   209                          !ifdef TARGET_TED {    
   210  1066 204513                 jsr ted_rom_bank_cli
   211                          }
   212  1069 20e4ff             -   jsr getin
   213  106c c900                   cmp #$00
   214  106e f0f9                   beq -
   215  1070 c958                   cmp #'X'
   216  1072 d003                   bne +
   217  1074 4cde12                 jmp exit_basic_x
   218  1077 c91b               +   cmp #27 ; ESC
   219  1079 f004                   beq +
   220  107b c903                   cmp #3
   221  107d d008                   bne ++
   222  107f a993               +   lda #$93
   223  1081 20d2ff                 jsr chrout
   224  1084 4c7e12                 jmp exit_basic
   225  1087 c914               ++  cmp #20 ; delete
   226  1089 d009                   bne +
   227  108b a56b               --  lda page ; check if can backup a page
   228  108d f0da                   beq -
   229  108f c66b                   dec page
   230  1091 4c1411                 jmp ++
   231  1094 c913               +   cmp #19 ; home
   232  1096 d007                   bne +
   233  1098 a900                   lda #0
   234  109a 856b                   sta page
   235  109c 4c1411                 jmp ++
   236  109f c99d               +   cmp #157 ; left
   237  10a1 f0e8                   beq --
   238  10a3 c991                   cmp #145 ; up
   239  10a5 f0e4                   beq --
   240  10a7 c931                   cmp #'1'
   241  10a9 900f                   bcc +
   242  10ab c93a                   cmp #('9'+1)
   243  10ad b00b                   bcs +
   244  10af 38                     sec        ; 1..9
   245  10b0 e931                   sbc #'1'   ; because 0 based
   246  10b2 c56a               --  cmp pages
   247  10b4 b0b3                   bcs -      ; ignore key if out of range
   248  10b6 856b                   sta page
   249  10b8 905a                   bcc ++
   250  10ba c930               +   cmp #'0'
   251  10bc d004                   bne +
   252  10be a909                   lda #9     ; try page 10 (zero based)
   253  10c0 d0f0                   bne --   
   254  10c2 c921               +   cmp #'!'
   255  10c4 d004                   bne +
   256  10c6 a90a                   lda #10     ; try page 11 (zero based)
   257  10c8 d0e8                   bne --   
   258  10ca c940               +   cmp #'@'
   259  10cc d004                   bne +
   260  10ce a90b                   lda #11     ; try page 12 (zero based)
   261  10d0 d0e0                   bne --   
   262  10d2 c923               +   cmp #'#'
   263  10d4 d004                   bne +
   264  10d6 a90c                   lda #12     ; try page 13 (zero based)
   265  10d8 d0d8                   bne --   
   266  10da c924               +   cmp #'$'
   267  10dc d004                   bne +
   268  10de a90d                   lda #13     ; try page 14 (zero based)
   269  10e0 d0d0                   bne --   
   270  10e2 c925               +   cmp #'%'
   271  10e4 d004                   bne +
   272  10e6 a90e                   lda #14     ; try page 15 (zero based)
   273  10e8 d0c8                   bne --   
   274  10ea c95e               +   cmp #'^'
   275  10ec d004                   bne +
   276  10ee a90f                   lda #15     ; try page 16 (zero based)
   277  10f0 d0c0                   bne --   
   278  10f2 c926               +   cmp #'&'
   279  10f4 d004                   bne +
   280  10f6 a910                   lda #16     ; try page 17 (zero based)
   281  10f8 d0b8                   bne --   
   282  10fa c92a               +   cmp #'*'
   283  10fc d004                   bne +
   284  10fe a911                   lda #17     ; try page 18 (zero based)
   285  1100 d0b0                   bne --   
   286  1102 c928               +   cmp #'('
   287  1104 d004                   bne +
   288  1106 a912                   lda #18     ; try page 19 (zero based)
   289  1108 d0a8                   bne --   
   290  110a c929               +   cmp #')'
   291  110c d004                   bne +
   292  110e a913                   lda #19     ; try page 20 (zero based)
   293  1110 d0a0                   bne --   
   294  1112 e66b               +   inc page   ; any other key, advance page
   295                          ++
   296  1114 a993                   lda #$93   ; before switching page, clear screen
   297  1116 20d2ff                 jsr chrout
   298  1119 4c3310                 jmp screen_loop
   299                          
   300                          !ifdef TARGET_TED {
   301                          decode_color:
   302  111c 18                     clc
   303  111d a000                   ldy #$00
   304  111f b160                   lda (src_p),y
   305  1121 6560                   adc src_p
   306  1123 8565                   sta end_src_p
   307  1125 c8                     iny
   308  1126 b160                   lda (src_p),y
   309  1128 6561                   adc src_h
   310  112a 8566                   sta end_src_h
   311  112c c8                     iny
   312  112d b160                   lda (src_p),y
   313  112f 8564                   sta special
   314  1131 a903                   lda #3
   315  1133 207112                 jsr addbyteto_src_p
   316                          color_loop: 
   317  1136 a000                   ldy #$00
   318  1138 b160                   lda (src_p),y
   319  113a c564                   cmp special
   320  113c f029                   beq ++
   321  113e 48                     pha
   322  113f 4a                     lsr
   323  1140 4a                     lsr
   324  1141 4a                     lsr
   325  1142 4a                     lsr
   326  1143 aa                     tax
   327  1144 bd5c13                 lda color_table, x
   328  1147 9162                   sta (dst_p),y
   329  1149 68                     pla
   330  114a 290f                   and #$0f
   331  114c aa                     tax
   332  114d bd5c13                 lda color_table, x
   333  1150 c8                     iny
   334  1151 9162                   sta (dst_p),y
   335  1153 e660                   inc src_p
   336  1155 d002                   bne +
   337  1157 e661                   inc src_h
   338  1159 18                 +   clc
   339  115a a562                   lda dst_p
   340  115c 6902                   adc #$02
   341  115e 8562                   sta dst_p
   342  1160 9002                   bcc +
   343  1162 e663                   inc dst_h
   344  1164 4ca911             +   jmp color_while
   345  1167 c8                 ++  iny
   346  1168 b160                   lda (src_p),y
   347  116a 4a                     lsr
   348  116b 4a                     lsr
   349  116c 4a                     lsr
   350  116d 4a                     lsr
   351  116e aa                     tax
   352  116f bd5c13                 lda color_table, x
   353  1172 8567                   sta value1
   354  1174 b160                   lda (src_p),y
   355  1176 290f                   and #$0F
   356  1178 aa                     tax
   357  1179 bd5c13                 lda color_table, x
   358  117c 8568                   sta value2
   359  117e c8                     iny
   360  117f b160                   lda (src_p),y
   361  1181 8569                   sta len
   362  1183 a903                   lda #$03
   363  1185 18                     clc
   364  1186 6560                   adc src_p
   365  1188 8560                   sta src_p
   366  118a 9002                   bcc +
   367  118c e661                   inc src_h
   368  118e a669               +   ldx len
   369                          color_rle_loop:
   370  1190 a000                   ldy #0
   371  1192 a567                   lda value1
   372  1194 9162                   sta (dst_p),y
   373  1196 a568                   lda value2
   374  1198 c8                     iny
   375  1199 9162                   sta (dst_p),y
   376  119b 18                     clc
   377  119c a562                   lda dst_p
   378  119e 6902                   adc #$02
   379  11a0 8562                   sta dst_p
   380  11a2 9002                   bcc +
   381  11a4 e663                   inc dst_h
   382  11a6 ca                 +   dex
   383  11a7 d0e7                   bne color_rle_loop
   384                          color_while:
   385  11a9 a560                   lda src_p
   386  11ab a661                   ldx src_h
   387  11ad e466                   cpx end_src_h
   388  11af 9085                   bcc color_loop
   389  11b1 d007                   bne +
   390  11b3 c565                   cmp end_src_p
   391  11b5 b003                   bcs +
   392  11b7 4c3611                 jmp color_loop
   393  11ba 60                 +   rts
   394                          } else { ; TARGET_C64 or TARGET_C128
   395                          decode_color:
   396                              clc
   397                              ldy #$00
   398                              lda (src_p),y
   399                              adc src_p
   400                              sta end_src_p
   401                              iny
   402                              lda (src_p),y
   403                              adc src_h
   404                              sta end_src_h
   405                              iny
   406                              lda (src_p),y
   407                              sta special
   408                              lda #3
   409                              jsr addbyteto_src_p
   410                          color_loop: 
   411                              ldy #$00
   412                              lda (src_p),y
   413                              cmp special
   414                              beq ++
   415                              iny
   416                              sta (dst_p),y
   417                              dey
   418                              lsr
   419                              lsr
   420                              lsr
   421                              lsr
   422                              sta (dst_p),y
   423                              inc src_p
   424                              bne +
   425                              inc src_h
   426                          +   clc
   427                              lda dst_p
   428                              adc #$02
   429                              sta dst_p
   430                              bcc +
   431                              inc dst_h
   432                          +   jmp color_while
   433                          ++  iny
   434                              lda (src_p),y
   435                              sta value
   436                              iny
   437                              lda (src_p),y
   438                              sta len
   439                              lda #3
   440                              jsr addbyteto_src_p
   441                              ldx len
   442                          color_rle_loop: 
   443                              lda value
   444                              ldy #$01
   445                              sta (dst_p),y
   446                              dey
   447                              lsr
   448                              lsr
   449                              lsr
   450                              lsr
   451                              sta (dst_p),y
   452                              clc
   453                              lda dst_p
   454                              adc #$02
   455                              sta dst_p
   456                              bcc +
   457                              inc dst_h
   458                          +   dex
   459                              bne color_rle_loop
   460                          color_while:
   461                              lda src_p
   462                              ldx src_h
   463                              cpx end_src_h
   464                              bcc color_loop
   465                              bne +
   466                              cmp end_src_p
   467                              bcc color_loop
   468                          +   rts
   469                          }
   470                          
   471                          decode_text:
   472  11bb 18                     clc
   473  11bc a000                   ldy #$00
   474  11be b160                   lda (src_p),y
   475  11c0 6560                   adc src_p
   476  11c2 8565                   sta end_src_p
   477  11c4 c8                     iny
   478  11c5 b160                   lda (src_p),y
   479  11c7 6561                   adc src_h
   480  11c9 8566                   sta end_src_h
   481  11cb c8                     iny
   482  11cc b160                   lda (src_p),y
   483  11ce 8564                   sta special
   484  11d0 a903                   lda #3
   485  11d2 207112                 jsr addbyteto_src_p
   486                          text_loop:
   487  11d5 a000                   ldy #$00
   488  11d7 b160                   lda (src_p),y
   489  11d9 c564                   cmp special
   490  11db f011                   beq ++
   491  11dd 9162                   sta (dst_p),y
   492  11df e660                   inc src_p
   493  11e1 d002                   bne +
   494  11e3 e661                   inc src_h
   495  11e5 e662               +   inc dst_p
   496  11e7 d002                   bne +
   497  11e9 e663                   inc dst_h
   498  11eb 4c1412             +   jmp text_while
   499  11ee c8                 ++  iny
   500  11ef b160                   lda (src_p),y
   501                          !ifdef TARGET_TED {
   502  11f1 8567                   sta value1
   503                          } else {
   504                              sta value
   505                          }
   506  11f3 c8                     iny
   507  11f4 b160                   lda (src_p),y
   508  11f6 8569                   sta len
   509  11f8 a903                   lda #$03
   510  11fa 18                     clc
   511  11fb 6560                   adc src_p
   512  11fd 8560                   sta src_p
   513  11ff 9002                   bcc +
   514  1201 e661                   inc src_h
   515  1203 a669               +   ldx len
   516                          text_rle_loop: 
   517                          !ifdef TARGET_TED {
   518  1205 a567                   lda value1
   519                          } else {
   520                              lda value
   521                          }
   522  1207 a000                   ldy #$00
   523  1209 9162                   sta (dst_p),y
   524  120b e662                   inc dst_p
   525  120d d002                   bne +
   526  120f e663                   inc dst_h
   527  1211 ca                 +   dex
   528  1212 d0f1                   bne text_rle_loop
   529                          text_while:
   530  1214 a560                   lda src_p
   531  1216 a661                   ldx src_h
   532  1218 e466                   cpx end_src_h
   533  121a 90b9                   bcc text_loop
   534  121c d004                   bne +
   535  121e c565                   cmp end_src_p
   536  1220 90b3                   bcc text_loop
   537  1222 60                 +   rts
   538                          
   539                          index_data:
   540  1223 a900                   lda #0
   541  1225 856a                   sta pages
   542  1227 856b                   sta page
   543                              
   544                          index_loop:
   545                              ; setup index storage offset in .X
   546                              ; .A already has pages
   547  1229 0a                     asl
   548  122a aa                     tax
   549                          
   550                              ; set next index to 0000
   551  122b a900                   lda #0
   552  122d 9d3303                 sta screen_index, x
   553  1230 9d3403                 sta screen_index+1, x
   554                          
   555                              ; do check for start of page (C600 address)
   556  1233 a000                   ldy #0
   557  1235 b160                   lda (src_p),y
   558  1237 d02f                   bne index_exit
   559  1239 c8                     iny
   560  123a b160                   lda (src_p),y
   561  123c c9c6                   cmp #$c6
   562  123e d028                   bne index_exit
   563                          
   564                              ; store indexed page
   565  1240 a560                   lda src_p
   566  1242 9d3303                 sta screen_index, x
   567  1245 a561                   lda src_h
   568  1247 9d3403                 sta screen_index+1, x
   569  124a e66a                   inc pages
   570                          
   571                              ; skip C600 address
   572  124c a902                   lda #2
   573  124e 8569                   sta len ; prep upcoming loop at the same time
   574  1250 207112                 jsr addbyteto_src_p
   575                          
   576                              ; advance past color and text rle data using their lengths
   577  1253 a001               -   ldy #1
   578  1255 b160                   lda (src_p),y
   579  1257 aa                     tax
   580  1258 88                     dey
   581  1259 b160                   lda (src_p),y
   582  125b 207312                 jsr addto_src_p
   583  125e c669                   dec len
   584  1260 d0f1                   bne -
   585                          
   586                              ; while pages < max_pages
   587  1262 a56a                   lda pages
   588  1264 c960                   cmp #max_pages
   589  1266 90c1                   bcc index_loop
   590                          
   591                          index_exit:
   592  1268 a96c                   lda #<start_data
   593  126a a213                   ldx #>start_data
   594  126c 8560                   sta src_p
   595  126e 8661                   stx src_h
   596  1270 60                     rts
   597                          
   598                          addbyteto_src_p: ; ; A low, !! Warning: X is set to 0 !! fall through to 16-bit add
   599  1271 a200                   ldx #0
   600                          addto_src_p: ; A low, X high, perform 16-bit addition from/to src_p/src_h
   601  1273 18                     clc
   602  1274 6560                   adc src_p
   603  1276 8560                   sta src_p
   604  1278 8a                     txa
   605  1279 6561                   adc src_h
   606  127b 8561                   sta src_h
   607  127d 60                     rts
   608                          
   609                          exit_basic:
   610  127e a900                   lda #0
   611  1280 aa                     tax
   612  1281 a001                   ldy #1
   613                          !ifdef TARGET_TED {
   614  1283 20f912                 jsr xlat_set_colors
   615                          } else {
   616                              jsr set_colors
   617                          }
   618                          !ifdef TARGET_C128 {    
   619                              jsr c128_rom_bank_cli
   620                          }
   621                          !ifdef TARGET_TED {    
   622  1286 204513                 jsr ted_rom_bank_cli
   623                          }
   624  1289 a20c                   ldx #12
   625  128b a00c                   ldy #(20-exit_message_len/2)
   626  128d 18                     clc
   627  128e 20f0ff                 jsr plot
   628  1291 a94a                   lda #<exit_message
   629  1293 a213                   ldx #>exit_message
   630  1295 202a13                 jsr string_out
   631  1298 20e4ff             --  jsr getin
   632  129b c900                   cmp #0
   633  129d f0f9                   beq --
   634  129f c913                   cmp #19
   635  12a1 d017                   bne ++
   636  12a3 a900                   lda #0
   637  12a5 856b                   sta page
   638  12a7 a993               -   lda #$93
   639  12a9 20d2ff                 jsr chrout
   640  12ac 201110                 jsr set_slide_colors
   641  12af a56b                   lda page
   642  12b1 c56a                   cmp pages
   643  12b3 9002                   bcc +
   644  12b5 c66b                   dec page
   645  12b7 4c3310             +   jmp screen_loop
   646  12ba c914               ++  cmp #20 ; del (backspace)
   647  12bc f0e9                   beq -
   648  12be c99d                   cmp #157 ; left
   649  12c0 f0e5                   beq -
   650  12c2 c991                   cmp #145 ; up
   651  12c4 f0e1                   beq -
   652  12c6 c931                   cmp #'1'
   653  12c8 9010                   bcc +
   654  12ca c93a                   cmp #('9'+1)
   655  12cc b00c                   bcs +
   656  12ce 38                     sec
   657  12cf e931                   sbc #'1'
   658  12d1 c56a                   cmp pages
   659  12d3 b0c3                   bcs --
   660  12d5 856b                   sta page
   661  12d7 4ca712                 jmp -
   662  12da c958               +   cmp #'X'
   663  12dc d0ba                   bne --
   664                          exit_basic_x:
   665                          !ifdef TARGET_C128 {
   666                              jsr c128_rom_bank_cli
   667                          }
   668  12de a56c                   lda save_border
   669  12e0 a66d                   ldx save_background
   670  12e2 a46e                   ldy save_foreground
   671                          !ifdef TARGET_TED {
   672  12e4 202013                 jsr set_ted_colors ; no translation
   673  12e7 a00e                   ldy #14
   674  12e9 a900               -   lda #0
   675  12eb 996000                 sta src_p,y
   676  12ee 88                     dey
   677  12ef 10f8                   bpl -
   678  12f1 204513                 jsr ted_rom_bank_cli
   679                          } else {
   680                              jsr set_colors
   681                          }
   682  12f4 a993                   lda #$93
   683  12f6 4cd2ff                 jmp chrout ; and exit to BASIC
   684                          
   685                          !ifdef TARGET_TED {
   686                          xlat_set_colors:
   687  12f9 8567                   sta value1
   688  12fb bd5c13                 lda color_table,x
   689  12fe 8d15ff                 sta $ff15 ; background
   690  1301 a667                   ldx value1
   691  1303 bd5c13                 lda color_table,x
   692  1306 8d19ff                 sta $ff19 ; border
   693  1309 b95c13                 lda color_table,y
   694  130c 8d3b05                 sta $053B ; foreground (KERNAL)
   695  130f 60                     rts
   696                          
   697                          save_colors:
   698  1310 ad15ff                 lda $ff15
   699  1313 ae19ff                 ldx $ff19
   700  1316 ac3b05                 ldy $053B
   701  1319 856c                   sta save_border
   702  131b 866d                   stx save_background
   703  131d 846e                   sty save_foreground
   704  131f 60                     rts
   705                          
   706                          set_ted_colors:
   707  1320 8d15ff                 sta $ff15
   708  1323 8e19ff                 stx $ff19
   709  1326 8c3b05                 sty $053B
   710  1329 60                     rts
   711                          } else { ; TARGET_C64 OR TARGET_C128
   712                          set_colors:
   713                              sta border
   714                              stx background   
   715                              sty foreground
   716                              rts
   717                          
   718                          save_colors:
   719                              lda border
   720                              ldx background
   721                              ldy foreground
   722                              sta save_border
   723                              stx save_background
   724                              sty save_foreground
   725                              rts
   726                          }
   727                          
   728                          string_out:
   729  132a 8560                   sta src_p
   730  132c 8661                   stx src_h
   731  132e a000                   ldy #0
   732  1330 b160               -   lda (src_p), y
   733  1332 f00b                   beq +
   734  1334 20d2ff                 jsr chrout
   735  1337 c8                     iny
   736  1338 d0f6                   bne -
   737  133a e661                   inc src_h
   738  133c 4c3013                 jmp -
   739  133f 60                 +   rts
   740                          
   741                          !ifdef TARGET_C128 {
   742                          sei_c128_ram_bank:
   743                              sei
   744                              lda #$06 ; RAM bank 0 0000-CFFF, IO D000-DFFF, KERNAL E000-FFFF
   745                              sta $FF00
   746                              rts
   747                          
   748                          c128_rom_bank_cli:
   749                              lda #$00
   750                              sta $FF00
   751                              cli
   752                              rts
   753                          }
   754                          
   755                          !ifdef TARGET_TED {
   756                          sei_ted_ram_bank:
   757  1340 78                     sei
   758  1341 8d3fff                 sta $ff3f ; bank in RAM
   759  1344 60                     rts
   760                          
   761                          ted_rom_bank_cli:
   762  1345 8d3eff                 sta $ff3e ; bank in ROM
   763  1348 58                     cli
   764  1349 60                     rts
   765                          }
   766                          
   767                          exit_message:
   768  134a 2850524553532058...    !text "(PRESS X TO EXIT)"
   769                          exit_message_len = * - exit_message    
   770  135b 00                     !byte 0
   771                          
   772                          !ifdef TARGET_TED {
   773                          ; C64 color to TED color mappings
   774  135c 0071426354552677...color_table:  !byte $00,$71,$42,$63,$54,$55,$26,$77,$58,$38,$6B,$31,$41,$7F,$56,$61
   775                          }
   776                          
   777                          start_data:
